============================= test session starts =============================
platform win32 -- Python 3.11.9, pytest-9.0.3, pluggy-1.6.0 -- c:\Users\ACER\AutoTesting\playwright_test\.venv\Scripts\python.exe
cachedir: .pytest_cache
metadata: {'Python': '3.11.9', 'Platform': 'Windows-10-10.0.26200-SP0', 'Packages': {'pytest': '9.0.3', 'pluggy': '1.6.0'}, 'Plugins': {'base-url': '2.1.0', 'html': '4.2.0', 'metadata': '3.1.1', 'playwright': '0.8.0'}, 'JAVA_HOME': 'C:\\Program Files\\Java\\jdk-17', 'Base URL': ''}
rootdir: C:\Users\ACER\AutoTesting\playwright_test
configfile: pytest.ini
testpaths: tests
plugins: base-url-2.1.0, html-4.2.0, metadata-3.1.1, playwright-0.8.0
collecting ... collected 30 items

tests/playwright_test.py::TestPlaywrightShowcase::test_Title[chromium] PASSED [  3%]
tests/playwright_test.py::TestPlaywrightShowcase::test_Content[chromium] PASSED [  6%]
tests/playwright_test.py::TestPlaywrightShowcase::test_Simple_Frame_Form[chromium] PASSED [ 10%]
tests/playwright_test.py::TestPlaywrightShowcase::test_Load_Nested_Frames_A_B_C[chromium] PASSED [ 13%]
tests/playwright_test.py::TestPlaywrightShowcase::test_Iframe_Alpha_Click_button[chromium] PASSED [ 16%]
tests/playwright_test.py::TestPlaywrightShowcase::test_Iframe_Alpha_Open_Iframe_B[chromium] PASSED [ 20%]
tests/playwright_test.py::TestPlaywrightShowcase::test_Iframe_Beta_Click_button[chromium] PASSED [ 23%]
tests/playwright_test.py::TestPlaywrightShowcase::test_Iframe_Beta_Open_Iframe_C[chromium] PASSED [ 26%]
tests/playwright_test.py::TestPlaywrightShowcase::test_Iframe_Gamma_Click_button[chromium] PASSED [ 30%]
tests/playwright_test.py::TestPlaywrightShowcase::test_Open_New_Tab[chromium] PASSED [ 33%]
tests/playwright_test.py::TestPlaywrightShowcase::test_Open_Popup_Window[chromium] PASSED [ 36%]
tests/playwright_test.py::TestPlaywrightShowcase::test_Open_In_page_Modal[chromium] PASSED [ 40%]
tests/playwright_test.py::TestPlaywrightShowcase::test_Open_In_page_Modal_Cancel[chromium] PASSED [ 43%]
tests/playwright_test.py::TestPlaywrightShowcase::test_Open_In_page_Modal_Confirm[chromium] FAILED [ 46%]
tests/playwright_test.py::TestPlaywrightShowcase::test_Trigger_Alert[chromium] FAILED [ 50%]
tests/playwright_test.py::TestPlaywrightShowcase::test_Trigger_Alert_outside[chromium] FAILED [ 53%]
tests/playwright_test.py::TestPlaywrightShowcase::test_Trigger_Alert_OK[chromium] FAILED [ 56%]
tests/playwright_test.py::TestPlaywrightShowcase::test_Trigger_Confirm[chromium] FAILED [ 60%]
tests/playwright_test.py::TestPlaywrightShowcase::test_Trigger_Confirm_outside[chromium] FAILED [ 63%]
tests/playwright_test.py::TestPlaywrightShowcase::test_Trigger_Confirm_Cancel[chromium] FAILED [ 66%]
tests/playwright_test.py::TestPlaywrightShowcase::test_Trigger_Confirm_OK[chromium] FAILED [ 70%]
tests/playwright_test.py::TestPlaywrightShowcase::test_Trigger_Prompt[chromium] FAILED [ 73%]
tests/playwright_test.py::TestPlaywrightShowcase::test_Trigger_Prompt_Cancel[chromium] FAILED [ 76%]
tests/playwright_test.py::TestPlaywrightShowcase::test_Trigger_Prompt_OK[chromium] FAILED [ 80%]
tests/playwright_test.py::TestPlaywrightShowcase::test_Simulate_Failure_State[chromium] PASSED [ 83%]
tests/playwright_test.py::TestPlaywrightShowcase::test_Reset_State[chromium] PASSED [ 86%]
tests/playwright_test.py::TestPlaywrightShowcase::test_Submit_Form_invalid1[chromium] PASSED [ 90%]
tests/playwright_test.py::TestPlaywrightShowcase::test_Submit_Form_invalid2[chromium] PASSED [ 93%]
tests/playwright_test.py::TestPlaywrightShowcase::test_Submit_Form_invalid3[chromium] PASSED [ 96%]
tests/playwright_test.py::TestPlaywrightShowcase::test_Submit_Form_valid[chromium] PASSED [100%]

================================== FAILURES ===================================
______ TestPlaywrightShowcase.test_Open_In_page_Modal_Confirm[chromium] _______

self = <playwright_test.TestPlaywrightShowcase object at 0x00000229974E3CD0>

    def test_Open_In_page_Modal_Confirm(self) -> None:
      self.app.open_modal()
      self.page.get_by_placeholder("Enter code (e.g. 1234)").fill("Test2")
>     self.page.get_by_role("button", name="Confirm").click()

tests\playwright_test.py:90: 
_ _ _ _ _ _ _ _ _ _ _ _ _ _ _ _ _ _ _ _ _ _ _ _ _ _ _ _ _ _ _ _ _ _ _ _ _ _ _ _
.venv\Lib\site-packages\playwright\sync_api\_generated.py:17422: in click
    self._sync(
.venv\Lib\site-packages\playwright\_impl\_locator.py:163: in click
    return await self._frame._click(self._selector, strict=True, **params)
           ^^^^^^^^^^^^^^^^^^^^^^^^^^^^^^^^^^^^^^^^^^^^^^^^^^^^^^^^^^^^^^^
.venv\Lib\site-packages\playwright\_impl\_frame.py:569: in _click
    await self._channel.send("click", self._timeout, locals_to_params(locals()))
.venv\Lib\site-packages\playwright\_impl\_connection.py:69: in send
    return await self._connection.wrap_api_call(
_ _ _ _ _ _ _ _ _ _ _ _ _ _ _ _ _ _ _ _ _ _ _ _ _ _ _ _ _ _ _ _ _ _ _ _ _ _ _ _

self = <playwright._impl._connection.Connection object at 0x000002299745ECD0>
cb = <function Channel.send.<locals>.<lambda> at 0x0000022997A639C0>
is_internal = False, title = None

    async def wrap_api_call(
        self, cb: Callable[[], Any], is_internal: bool = False, title: str = None
    ) -> Any:
        if self._api_zone.get():
            return await cb()
        task = asyncio.current_task(self._loop)
        st: List[inspect.FrameInfo] = getattr(
            task, "__pw_stack__", None
        ) or inspect.stack(0)
    
        parsed_st = _extract_stack_trace_information_from_stack(st, is_internal, title)
        self._api_zone.set(parsed_st)
        try:
            return await cb()
        except Exception as error:
>           raise rewrite_error(error, f"{parsed_st['apiName']}: {error}") from None
E           playwright._impl._errors.Error: Locator.click: Error: strict mode violation: get_by_role("button", name="Confirm") resolved to 2 elements:
E               1) <button class="btn-info" id="btn-confirm" onclick="var r = confirm('Continue?'); document.getElementById('confirm-result').innerHTML = r ? '<span class=success-text>\u2713 Confirmed</span>' : '<span class=error-text>\u2717 Cancelled</span>'">\u21b5                \u2753 Trigger Confirm\u21b5        </button> aka get_by_role("button", name="\u2753 Trigger Confirm")
E               2) <button class="btn-success" id="modal-confirm-btn" onclick="var val = document.getElementById('modal-input').value; \u21b5                 document.getElementById('modal-result').innerHTML = '<span class=success-text>\u2713 Verified: ' + (val || 'Anonymous') + '</span>'; \u21b5                 document.getElementById('modal-overlay').classList.remove('active')">\u21b5        Confirm\u21b5      </button> aka get_by_role("button", name="Confirm", exact=True)
E           
E           Call log:
E             - waiting for get_by_role("button", name="Confirm")

.venv\Lib\site-packages\playwright\_impl\_connection.py:559: Error
_____________ TestPlaywrightShowcase.test_Trigger_Alert[chromium] _____________

self = <playwright_test.TestPlaywrightShowcase object at 0x00000229974E1C50>

    def test_Trigger_Alert(self) -> None:
      with self.page.expect_event("dialog") as dialog_info:
>       self.page.get_by_role("button", name="Trigger Alert").click()

tests\playwright_test.py:96: 
_ _ _ _ _ _ _ _ _ _ _ _ _ _ _ _ _ _ _ _ _ _ _ _ _ _ _ _ _ _ _ _ _ _ _ _ _ _ _ _
.venv\Lib\site-packages\playwright\sync_api\_generated.py:17422: in click
    self._sync(
.venv\Lib\site-packages\playwright\_impl\_locator.py:163: in click
    return await self._frame._click(self._selector, strict=True, **params)
           ^^^^^^^^^^^^^^^^^^^^^^^^^^^^^^^^^^^^^^^^^^^^^^^^^^^^^^^^^^^^^^^
.venv\Lib\site-packages\playwright\_impl\_frame.py:569: in _click
    await self._channel.send("click", self._timeout, locals_to_params(locals()))
.venv\Lib\site-packages\playwright\_impl\_connection.py:69: in send
    return await self._connection.wrap_api_call(
_ _ _ _ _ _ _ _ _ _ _ _ _ _ _ _ _ _ _ _ _ _ _ _ _ _ _ _ _ _ _ _ _ _ _ _ _ _ _ _

self = <playwright._impl._connection.Connection object at 0x000002299745ECD0>
cb = <function Channel.send.<locals>.<lambda> at 0x0000022997AFAFC0>
is_internal = False, title = None

    async def wrap_api_call(
        self, cb: Callable[[], Any], is_internal: bool = False, title: str = None
    ) -> Any:
        if self._api_zone.get():
            return await cb()
        task = asyncio.current_task(self._loop)
        st: List[inspect.FrameInfo] = getattr(
            task, "__pw_stack__", None
        ) or inspect.stack(0)
    
        parsed_st = _extract_stack_trace_information_from_stack(st, is_internal, title)
        self._api_zone.set(parsed_st)
        try:
            return await cb()
        except Exception as error:
>           raise rewrite_error(error, f"{parsed_st['apiName']}: {error}") from None
E           playwright._impl._errors.TimeoutError: Locator.click: Timeout 30000ms exceeded.
E           Call log:
E             - waiting for get_by_role("button", name="Trigger Alert")
E               - locator resolved to <button id="btn-alert" class="btn-warning" onclick="alert('\u26a0\ufe0f This is a browser alert!')">\U0001f514 Trigger Alert</button>
E             - attempting click action
E               - waiting for element to be visible, enabled and stable
E               - element is visible, enabled and stable
E               - scrolling into view if needed
E               - done scrolling
E               - performing click action

.venv\Lib\site-packages\playwright\_impl\_connection.py:559: TimeoutError
_________ TestPlaywrightShowcase.test_Trigger_Alert_outside[chromium] _________

self = <playwright_test.TestPlaywrightShowcase object at 0x00000229974E2190>

    def test_Trigger_Alert_outside(self) -> None:
      with self.page.expect_event("dialog") as dialog_info:
>       self.page.get_by_role("button", name="Trigger Alert").click()

tests\playwright_test.py:104: 
_ _ _ _ _ _ _ _ _ _ _ _ _ _ _ _ _ _ _ _ _ _ _ _ _ _ _ _ _ _ _ _ _ _ _ _ _ _ _ _
.venv\Lib\site-packages\playwright\sync_api\_generated.py:17422: in click
    self._sync(
.venv\Lib\site-packages\playwright\_impl\_locator.py:163: in click
    return await self._frame._click(self._selector, strict=True, **params)
           ^^^^^^^^^^^^^^^^^^^^^^^^^^^^^^^^^^^^^^^^^^^^^^^^^^^^^^^^^^^^^^^
.venv\Lib\site-packages\playwright\_impl\_frame.py:569: in _click
    await self._channel.send("click", self._timeout, locals_to_params(locals()))
.venv\Lib\site-packages\playwright\_impl\_connection.py:69: in send
    return await self._connection.wrap_api_call(
_ _ _ _ _ _ _ _ _ _ _ _ _ _ _ _ _ _ _ _ _ _ _ _ _ _ _ _ _ _ _ _ _ _ _ _ _ _ _ _

self = <playwright._impl._connection.Connection object at 0x000002299745ECD0>
cb = <function Channel.send.<locals>.<lambda> at 0x0000022997B0E3E0>
is_internal = False, title = None

    async def wrap_api_call(
        self, cb: Callable[[], Any], is_internal: bool = False, title: str = None
    ) -> Any:
        if self._api_zone.get():
            return await cb()
        task = asyncio.current_task(self._loop)
        st: List[inspect.FrameInfo] = getattr(
            task, "__pw_stack__", None
        ) or inspect.stack(0)
    
        parsed_st = _extract_stack_trace_information_from_stack(st, is_internal, title)
        self._api_zone.set(parsed_st)
        try:
            return await cb()
        except Exception as error:
>           raise rewrite_error(error, f"{parsed_st['apiName']}: {error}") from None
E           playwright._impl._errors.TimeoutError: Locator.click: Timeout 30000ms exceeded.
E           Call log:
E             - waiting for get_by_role("button", name="Trigger Alert")
E               - locator resolved to <button id="btn-alert" class="btn-warning" onclick="alert('\u26a0\ufe0f This is a browser alert!')">\U0001f514 Trigger Alert</button>
E             - attempting click action
E               - waiting for element to be visible, enabled and stable
E               - element is visible, enabled and stable
E               - scrolling into view if needed
E               - done scrolling
E               - performing click action

.venv\Lib\site-packages\playwright\_impl\_connection.py:559: TimeoutError
___________ TestPlaywrightShowcase.test_Trigger_Alert_OK[chromium] ____________

self = <playwright_test.TestPlaywrightShowcase object at 0x00000229974E3050>

    def test_Trigger_Alert_OK(self) -> None:
      with self.page.expect_event("dialog") as dialog_info:
>       self.page.get_by_role("button", name="Trigger Alert").click()

tests\playwright_test.py:112: 
_ _ _ _ _ _ _ _ _ _ _ _ _ _ _ _ _ _ _ _ _ _ _ _ _ _ _ _ _ _ _ _ _ _ _ _ _ _ _ _
.venv\Lib\site-packages\playwright\sync_api\_generated.py:17422: in click
    self._sync(
.venv\Lib\site-packages\playwright\_impl\_locator.py:163: in click
    return await self._frame._click(self._selector, strict=True, **params)
           ^^^^^^^^^^^^^^^^^^^^^^^^^^^^^^^^^^^^^^^^^^^^^^^^^^^^^^^^^^^^^^^
.venv\Lib\site-packages\playwright\_impl\_frame.py:569: in _click
    await self._channel.send("click", self._timeout, locals_to_params(locals()))
.venv\Lib\site-packages\playwright\_impl\_connection.py:69: in send
    return await self._connection.wrap_api_call(
_ _ _ _ _ _ _ _ _ _ _ _ _ _ _ _ _ _ _ _ _ _ _ _ _ _ _ _ _ _ _ _ _ _ _ _ _ _ _ _

self = <playwright._impl._connection.Connection object at 0x000002299745ECD0>
cb = <function Channel.send.<locals>.<lambda> at 0x0000022997B0EE80>
is_internal = False, title = None

    async def wrap_api_call(
        self, cb: Callable[[], Any], is_internal: bool = False, title: str = None
    ) -> Any:
        if self._api_zone.get():
            return await cb()
        task = asyncio.current_task(self._loop)
        st: List[inspect.FrameInfo] = getattr(
            task, "__pw_stack__", None
        ) or inspect.stack(0)
    
        parsed_st = _extract_stack_trace_information_from_stack(st, is_internal, title)
        self._api_zone.set(parsed_st)
        try:
            return await cb()
        except Exception as error:
>           raise rewrite_error(error, f"{parsed_st['apiName']}: {error}") from None
E           playwright._impl._errors.TimeoutError: Locator.click: Timeout 30000ms exceeded.
E           Call log:
E             - waiting for get_by_role("button", name="Trigger Alert")
E               - locator resolved to <button id="btn-alert" class="btn-warning" onclick="alert('\u26a0\ufe0f This is a browser alert!')">\U0001f514 Trigger Alert</button>
E             - attempting click action
E               - waiting for element to be visible, enabled and stable
E               - element is visible, enabled and stable
E               - scrolling into view if needed
E               - done scrolling
E               - performing click action

.venv\Lib\site-packages\playwright\_impl\_connection.py:559: TimeoutError
____________ TestPlaywrightShowcase.test_Trigger_Confirm[chromium] ____________

self = <playwright_test.TestPlaywrightShowcase object at 0x00000229974E0110>

    def test_Trigger_Confirm(self) -> None:
      with self.page.expect_event("dialog") as dialog_info:
>       self.page.get_by_role("button", name="Trigger Confirm").click()

tests\playwright_test.py:118: 
_ _ _ _ _ _ _ _ _ _ _ _ _ _ _ _ _ _ _ _ _ _ _ _ _ _ _ _ _ _ _ _ _ _ _ _ _ _ _ _
.venv\Lib\site-packages\playwright\sync_api\_generated.py:17422: in click
    self._sync(
.venv\Lib\site-packages\playwright\_impl\_locator.py:163: in click
    return await self._frame._click(self._selector, strict=True, **params)
           ^^^^^^^^^^^^^^^^^^^^^^^^^^^^^^^^^^^^^^^^^^^^^^^^^^^^^^^^^^^^^^^
.venv\Lib\site-packages\playwright\_impl\_frame.py:569: in _click
    await self._channel.send("click", self._timeout, locals_to_params(locals()))
.venv\Lib\site-packages\playwright\_impl\_connection.py:69: in send
    return await self._connection.wrap_api_call(
_ _ _ _ _ _ _ _ _ _ _ _ _ _ _ _ _ _ _ _ _ _ _ _ _ _ _ _ _ _ _ _ _ _ _ _ _ _ _ _

self = <playwright._impl._connection.Connection object at 0x000002299745ECD0>
cb = <function Channel.send.<locals>.<lambda> at 0x0000022997B2CFE0>
is_internal = False, title = None

    async def wrap_api_call(
        self, cb: Callable[[], Any], is_internal: bool = False, title: str = None
    ) -> Any:
        if self._api_zone.get():
            return await cb()
        task = asyncio.current_task(self._loop)
        st: List[inspect.FrameInfo] = getattr(
            task, "__pw_stack__", None
        ) or inspect.stack(0)
    
        parsed_st = _extract_stack_trace_information_from_stack(st, is_internal, title)
        self._api_zone.set(parsed_st)
        try:
            return await cb()
        except Exception as error:
>           raise rewrite_error(error, f"{parsed_st['apiName']}: {error}") from None
E           playwright._impl._errors.TimeoutError: Locator.click: Timeout 30000ms exceeded.
E           Call log:
E             - waiting for get_by_role("button", name="Trigger Confirm")
E               - locator resolved to <button class="btn-info" id="btn-confirm" onclick="var r = confirm('Continue?'); document.getElementById('confirm-result').innerHTML = r ? '<span class=success-text>\u2713 Confirmed</span>' : '<span class=error-text>\u2717 Cancelled</span>'">\u21b5                \u2753 Trigger Confirm\u21b5        </button>
E             - attempting click action
E               - waiting for element to be visible, enabled and stable
E               - element is visible, enabled and stable
E               - scrolling into view if needed
E               - done scrolling
E               - performing click action

.venv\Lib\site-packages\playwright\_impl\_connection.py:559: TimeoutError
________ TestPlaywrightShowcase.test_Trigger_Confirm_outside[chromium] ________

self = <playwright_test.TestPlaywrightShowcase object at 0x00000229974E0790>

    def test_Trigger_Confirm_outside(self) -> None:
      with self.page.expect_event("dialog") as dialog_info:
>       self.page.get_by_role("button", name="Trigger Confirm").click()

tests\playwright_test.py:126: 
_ _ _ _ _ _ _ _ _ _ _ _ _ _ _ _ _ _ _ _ _ _ _ _ _ _ _ _ _ _ _ _ _ _ _ _ _ _ _ _
.venv\Lib\site-packages\playwright\sync_api\_generated.py:17422: in click
    self._sync(
.venv\Lib\site-packages\playwright\_impl\_locator.py:163: in click
    return await self._frame._click(self._selector, strict=True, **params)
           ^^^^^^^^^^^^^^^^^^^^^^^^^^^^^^^^^^^^^^^^^^^^^^^^^^^^^^^^^^^^^^^
.venv\Lib\site-packages\playwright\_impl\_frame.py:569: in _click
    await self._channel.send("click", self._timeout, locals_to_params(locals()))
.venv\Lib\site-packages\playwright\_impl\_connection.py:69: in send
    return await self._connection.wrap_api_call(
_ _ _ _ _ _ _ _ _ _ _ _ _ _ _ _ _ _ _ _ _ _ _ _ _ _ _ _ _ _ _ _ _ _ _ _ _ _ _ _

self = <playwright._impl._connection.Connection object at 0x000002299745ECD0>
cb = <function Channel.send.<locals>.<lambda> at 0x0000022997B0EDE0>
is_internal = False, title = None

    async def wrap_api_call(
        self, cb: Callable[[], Any], is_internal: bool = False, title: str = None
    ) -> Any:
        if self._api_zone.get():
            return await cb()
        task = asyncio.current_task(self._loop)
        st: List[inspect.FrameInfo] = getattr(
            task, "__pw_stack__", None
        ) or inspect.stack(0)
    
        parsed_st = _extract_stack_trace_information_from_stack(st, is_internal, title)
        self._api_zone.set(parsed_st)
        try:
            return await cb()
        except Exception as error:
>           raise rewrite_error(error, f"{parsed_st['apiName']}: {error}") from None
E           playwright._impl._errors.TimeoutError: Locator.click: Timeout 30000ms exceeded.
E           Call log:
E             - waiting for get_by_role("button", name="Trigger Confirm")
E               - locator resolved to <button class="btn-info" id="btn-confirm" onclick="var r = confirm('Continue?'); document.getElementById('confirm-result').innerHTML = r ? '<span class=success-text>\u2713 Confirmed</span>' : '<span class=error-text>\u2717 Cancelled</span>'">\u21b5                \u2753 Trigger Confirm\u21b5        </button>
E             - attempting click action
E               - waiting for element to be visible, enabled and stable
E               - element is visible, enabled and stable
E               - scrolling into view if needed
E               - done scrolling
E               - performing click action

.venv\Lib\site-packages\playwright\_impl\_connection.py:559: TimeoutError
________ TestPlaywrightShowcase.test_Trigger_Confirm_Cancel[chromium] _________

self = <playwright_test.TestPlaywrightShowcase object at 0x00000229974E0F10>

    def test_Trigger_Confirm_Cancel(self) -> None:
      with self.page.expect_event("dialog") as dialog_info:
>       self.page.get_by_role("button", name="Trigger Confirm").click()

tests\playwright_test.py:134: 
_ _ _ _ _ _ _ _ _ _ _ _ _ _ _ _ _ _ _ _ _ _ _ _ _ _ _ _ _ _ _ _ _ _ _ _ _ _ _ _
.venv\Lib\site-packages\playwright\sync_api\_generated.py:17422: in click
    self._sync(
.venv\Lib\site-packages\playwright\_impl\_locator.py:163: in click
    return await self._frame._click(self._selector, strict=True, **params)
           ^^^^^^^^^^^^^^^^^^^^^^^^^^^^^^^^^^^^^^^^^^^^^^^^^^^^^^^^^^^^^^^
.venv\Lib\site-packages\playwright\_impl\_frame.py:569: in _click
    await self._channel.send("click", self._timeout, locals_to_params(locals()))
.venv\Lib\site-packages\playwright\_impl\_connection.py:69: in send
    return await self._connection.wrap_api_call(
_ _ _ _ _ _ _ _ _ _ _ _ _ _ _ _ _ _ _ _ _ _ _ _ _ _ _ _ _ _ _ _ _ _ _ _ _ _ _ _

self = <playwright._impl._connection.Connection object at 0x000002299745ECD0>
cb = <function Channel.send.<locals>.<lambda> at 0x0000022997B01D00>
is_internal = False, title = None

    async def wrap_api_call(
        self, cb: Callable[[], Any], is_internal: bool = False, title: str = None
    ) -> Any:
        if self._api_zone.get():
            return await cb()
        task = asyncio.current_task(self._loop)
        st: List[inspect.FrameInfo] = getattr(
            task, "__pw_stack__", None
        ) or inspect.stack(0)
    
        parsed_st = _extract_stack_trace_information_from_stack(st, is_internal, title)
        self._api_zone.set(parsed_st)
        try:
            return await cb()
        except Exception as error:
>           raise rewrite_error(error, f"{parsed_st['apiName']}: {error}") from None
E           playwright._impl._errors.TimeoutError: Locator.click: Timeout 30000ms exceeded.
E           Call log:
E             - waiting for get_by_role("button", name="Trigger Confirm")
E               - locator resolved to <button class="btn-info" id="btn-confirm" onclick="var r = confirm('Continue?'); document.getElementById('confirm-result').innerHTML = r ? '<span class=success-text>\u2713 Confirmed</span>' : '<span class=error-text>\u2717 Cancelled</span>'">\u21b5                \u2753 Trigger Confirm\u21b5        </button>
E             - attempting click action
E               - waiting for element to be visible, enabled and stable
E               - element is visible, enabled and stable
E               - scrolling into view if needed
E               - done scrolling
E               - performing click action

.venv\Lib\site-packages\playwright\_impl\_connection.py:559: TimeoutError
__________ TestPlaywrightShowcase.test_Trigger_Confirm_OK[chromium] ___________

self = <playwright_test.TestPlaywrightShowcase object at 0x00000229974E1590>

    def test_Trigger_Confirm_OK(self) -> None:
      with self.page.expect_event("dialog") as dialog_info:
>       self.page.get_by_role("button", name="Trigger Confirm").click()

tests\playwright_test.py:141: 
_ _ _ _ _ _ _ _ _ _ _ _ _ _ _ _ _ _ _ _ _ _ _ _ _ _ _ _ _ _ _ _ _ _ _ _ _ _ _ _
.venv\Lib\site-packages\playwright\sync_api\_generated.py:17422: in click
    self._sync(
.venv\Lib\site-packages\playwright\_impl\_locator.py:163: in click
    return await self._frame._click(self._selector, strict=True, **params)
           ^^^^^^^^^^^^^^^^^^^^^^^^^^^^^^^^^^^^^^^^^^^^^^^^^^^^^^^^^^^^^^^
.venv\Lib\site-packages\playwright\_impl\_frame.py:569: in _click
    await self._channel.send("click", self._timeout, locals_to_params(locals()))
.venv\Lib\site-packages\playwright\_impl\_connection.py:69: in send
    return await self._connection.wrap_api_call(
_ _ _ _ _ _ _ _ _ _ _ _ _ _ _ _ _ _ _ _ _ _ _ _ _ _ _ _ _ _ _ _ _ _ _ _ _ _ _ _

self = <playwright._impl._connection.Connection object at 0x000002299745ECD0>
cb = <function Channel.send.<locals>.<lambda> at 0x0000022997AFF240>
is_internal = False, title = None

    async def wrap_api_call(
        self, cb: Callable[[], Any], is_internal: bool = False, title: str = None
    ) -> Any:
        if self._api_zone.get():
            return await cb()
        task = asyncio.current_task(self._loop)
        st: List[inspect.FrameInfo] = getattr(
            task, "__pw_stack__", None
        ) or inspect.stack(0)
    
        parsed_st = _extract_stack_trace_information_from_stack(st, is_internal, title)
        self._api_zone.set(parsed_st)
        try:
            return await cb()
        except Exception as error:
>           raise rewrite_error(error, f"{parsed_st['apiName']}: {error}") from None
E           playwright._impl._errors.TimeoutError: Locator.click: Timeout 30000ms exceeded.
E           Call log:
E             - waiting for get_by_role("button", name="Trigger Confirm")
E               - locator resolved to <button class="btn-info" id="btn-confirm" onclick="var r = confirm('Continue?'); document.getElementById('confirm-result').innerHTML = r ? '<span class=success-text>\u2713 Confirmed</span>' : '<span class=error-text>\u2717 Cancelled</span>'">\u21b5                \u2753 Trigger Confirm\u21b5        </button>
E             - attempting click action
E               - waiting for element to be visible, enabled and stable
E               - element is visible, enabled and stable
E               - scrolling into view if needed
E               - done scrolling
E               - performing click action

.venv\Lib\site-packages\playwright\_impl\_connection.py:559: TimeoutError
____________ TestPlaywrightShowcase.test_Trigger_Prompt[chromium] _____________

self = <playwright_test.TestPlaywrightShowcase object at 0x00000229974D7050>

    def test_Trigger_Prompt(self) -> None:
      with self.page.expect_event("dialog") as dialog_info:
>       self.page.get_by_role("button", name="Trigger Prompt").click()

tests\playwright_test.py:148: 
_ _ _ _ _ _ _ _ _ _ _ _ _ _ _ _ _ _ _ _ _ _ _ _ _ _ _ _ _ _ _ _ _ _ _ _ _ _ _ _
.venv\Lib\site-packages\playwright\sync_api\_generated.py:17422: in click
    self._sync(
.venv\Lib\site-packages\playwright\_impl\_locator.py:163: in click
    return await self._frame._click(self._selector, strict=True, **params)
           ^^^^^^^^^^^^^^^^^^^^^^^^^^^^^^^^^^^^^^^^^^^^^^^^^^^^^^^^^^^^^^^
.venv\Lib\site-packages\playwright\_impl\_frame.py:569: in _click
    await self._channel.send("click", self._timeout, locals_to_params(locals()))
.venv\Lib\site-packages\playwright\_impl\_connection.py:69: in send
    return await self._connection.wrap_api_call(
_ _ _ _ _ _ _ _ _ _ _ _ _ _ _ _ _ _ _ _ _ _ _ _ _ _ _ _ _ _ _ _ _ _ _ _ _ _ _ _

self = <playwright._impl._connection.Connection object at 0x000002299745ECD0>
cb = <function Channel.send.<locals>.<lambda> at 0x0000022997B179C0>
is_internal = False, title = None

    async def wrap_api_call(
        self, cb: Callable[[], Any], is_internal: bool = False, title: str = None
    ) -> Any:
        if self._api_zone.get():
            return await cb()
        task = asyncio.current_task(self._loop)
        st: List[inspect.FrameInfo] = getattr(
            task, "__pw_stack__", None
        ) or inspect.stack(0)
    
        parsed_st = _extract_stack_trace_information_from_stack(st, is_internal, title)
        self._api_zone.set(parsed_st)
        try:
            return await cb()
        except Exception as error:
>           raise rewrite_error(error, f"{parsed_st['apiName']}: {error}") from None
E           playwright._impl._errors.TimeoutError: Locator.click: Timeout 30000ms exceeded.
E           Call log:
E             - waiting for get_by_role("button", name="Trigger Prompt")
E               - locator resolved to <button id="btn-prompt" class="btn-primary" onclick="var r = prompt('Name:', 'Tester'); document.getElementById('prompt-result').innerHTML = r !== null ? '\U0001f464 Name: <b>' + r + '</b>' : '<span class=error-text>Dismissed</span>'">\u21b5                \u270f\ufe0f Trigger Prompt\u21b5        </button>
E             - attempting click action
E               - waiting for element to be visible, enabled and stable
E               - element is visible, enabled and stable
E               - scrolling into view if needed
E               - done scrolling
E               - performing click action

.venv\Lib\site-packages\playwright\_impl\_connection.py:559: TimeoutError
_________ TestPlaywrightShowcase.test_Trigger_Prompt_Cancel[chromium] _________

self = <playwright_test.TestPlaywrightShowcase object at 0x00000229974D62D0>

    def test_Trigger_Prompt_Cancel(self) -> None:
      with self.page.expect_event("dialog") as dialog_info:
>       self.page.get_by_role("button", name="Trigger Prompt").click()

tests\playwright_test.py:155: 
_ _ _ _ _ _ _ _ _ _ _ _ _ _ _ _ _ _ _ _ _ _ _ _ _ _ _ _ _ _ _ _ _ _ _ _ _ _ _ _
.venv\Lib\site-packages\playwright\sync_api\_generated.py:17422: in click
    self._sync(
.venv\Lib\site-packages\playwright\_impl\_locator.py:163: in click
    return await self._frame._click(self._selector, strict=True, **params)
           ^^^^^^^^^^^^^^^^^^^^^^^^^^^^^^^^^^^^^^^^^^^^^^^^^^^^^^^^^^^^^^^
.venv\Lib\site-packages\playwright\_impl\_frame.py:569: in _click
    await self._channel.send("click", self._timeout, locals_to_params(locals()))
.venv\Lib\site-packages\playwright\_impl\_connection.py:69: in send
    return await self._connection.wrap_api_call(
_ _ _ _ _ _ _ _ _ _ _ _ _ _ _ _ _ _ _ _ _ _ _ _ _ _ _ _ _ _ _ _ _ _ _ _ _ _ _ _

self = <playwright._impl._connection.Connection object at 0x000002299745ECD0>
cb = <function Channel.send.<locals>.<lambda> at 0x0000022997AFDBC0>
is_internal = False, title = None

    async def wrap_api_call(
        self, cb: Callable[[], Any], is_internal: bool = False, title: str = None
    ) -> Any:
        if self._api_zone.get():
            return await cb()
        task = asyncio.current_task(self._loop)
        st: List[inspect.FrameInfo] = getattr(
            task, "__pw_stack__", None
        ) or inspect.stack(0)
    
        parsed_st = _extract_stack_trace_information_from_stack(st, is_internal, title)
        self._api_zone.set(parsed_st)
        try:
            return await cb()
        except Exception as error:
>           raise rewrite_error(error, f"{parsed_st['apiName']}: {error}") from None
E           playwright._impl._errors.TimeoutError: Locator.click: Timeout 30000ms exceeded.
E           Call log:
E             - waiting for get_by_role("button", name="Trigger Prompt")
E               - locator resolved to <button id="btn-prompt" class="btn-primary" onclick="var r = prompt('Name:', 'Tester'); document.getElementById('prompt-result').innerHTML = r !== null ? '\U0001f464 Name: <b>' + r + '</b>' : '<span class=error-text>Dismissed</span>'">\u21b5                \u270f\ufe0f Trigger Prompt\u21b5        </button>
E             - attempting click action
E               - waiting for element to be visible, enabled and stable
E               - element is visible, enabled and stable
E               - scrolling into view if needed
E               - done scrolling
E               - performing click action

.venv\Lib\site-packages\playwright\_impl\_connection.py:559: TimeoutError
___________ TestPlaywrightShowcase.test_Trigger_Prompt_OK[chromium] ___________

self = <playwright_test.TestPlaywrightShowcase object at 0x00000229974D6C90>

    def test_Trigger_Prompt_OK(self) -> None:
      with self.page.expect_event("dialog") as dialog_info:
>       self.page.get_by_role("button", name="Trigger Prompt").click()

tests\playwright_test.py:162: 
_ _ _ _ _ _ _ _ _ _ _ _ _ _ _ _ _ _ _ _ _ _ _ _ _ _ _ _ _ _ _ _ _ _ _ _ _ _ _ _
.venv\Lib\site-packages\playwright\sync_api\_generated.py:17422: in click
    self._sync(
.venv\Lib\site-packages\playwright\_impl\_locator.py:163: in click
    return await self._frame._click(self._selector, strict=True, **params)
           ^^^^^^^^^^^^^^^^^^^^^^^^^^^^^^^^^^^^^^^^^^^^^^^^^^^^^^^^^^^^^^^
.venv\Lib\site-packages\playwright\_impl\_frame.py:569: in _click
    await self._channel.send("click", self._timeout, locals_to_params(locals()))
.venv\Lib\site-packages\playwright\_impl\_connection.py:69: in send
    return await self._connection.wrap_api_call(
_ _ _ _ _ _ _ _ _ _ _ _ _ _ _ _ _ _ _ _ _ _ _ _ _ _ _ _ _ _ _ _ _ _ _ _ _ _ _ _

self = <playwright._impl._connection.Connection object at 0x000002299745ECD0>
cb = <function Channel.send.<locals>.<lambda> at 0x0000022997B17100>
is_internal = False, title = None

    async def wrap_api_call(
        self, cb: Callable[[], Any], is_internal: bool = False, title: str = None
    ) -> Any:
        if self._api_zone.get():
            return await cb()
        task = asyncio.current_task(self._loop)
        st: List[inspect.FrameInfo] = getattr(
            task, "__pw_stack__", None
        ) or inspect.stack(0)
    
        parsed_st = _extract_stack_trace_information_from_stack(st, is_internal, title)
        self._api_zone.set(parsed_st)
        try:
            return await cb()
        except Exception as error:
>           raise rewrite_error(error, f"{parsed_st['apiName']}: {error}") from None
E           playwright._impl._errors.TimeoutError: Locator.click: Timeout 30000ms exceeded.
E           Call log:
E             - waiting for get_by_role("button", name="Trigger Prompt")
E               - locator resolved to <button id="btn-prompt" class="btn-primary" onclick="var r = prompt('Name:', 'Tester'); document.getElementById('prompt-result').innerHTML = r !== null ? '\U0001f464 Name: <b>' + r + '</b>' : '<span class=error-text>Dismissed</span>'">\u21b5                \u270f\ufe0f Trigger Prompt\u21b5        </button>
E             - attempting click action
E               - waiting for element to be visible, enabled and stable
E               - element is visible, enabled and stable
E               - scrolling into view if needed
E               - done scrolling
E               - performing click action

.venv\Lib\site-packages\playwright\_impl\_connection.py:559: TimeoutError
- Generated html report: file:///C:/Users/ACER/AutoTesting/playwright_test/reports/report.html -
=========================== short test summary info ===========================
FAILED tests/playwright_test.py::TestPlaywrightShowcase::test_Open_In_page_Modal_Confirm[chromium]
FAILED tests/playwright_test.py::TestPlaywrightShowcase::test_Trigger_Alert[chromium]
FAILED tests/playwright_test.py::TestPlaywrightShowcase::test_Trigger_Alert_outside[chromium]
FAILED tests/playwright_test.py::TestPlaywrightShowcase::test_Trigger_Alert_OK[chromium]
FAILED tests/playwright_test.py::TestPlaywrightShowcase::test_Trigger_Confirm[chromium]
FAILED tests/playwright_test.py::TestPlaywrightShowcase::test_Trigger_Confirm_outside[chromium]
FAILED tests/playwright_test.py::TestPlaywrightShowcase::test_Trigger_Confirm_Cancel[chromium]
FAILED tests/playwright_test.py::TestPlaywrightShowcase::test_Trigger_Confirm_OK[chromium]
FAILED tests/playwright_test.py::TestPlaywrightShowcase::test_Trigger_Prompt[chromium]
FAILED tests/playwright_test.py::TestPlaywrightShowcase::test_Trigger_Prompt_Cancel[chromium]
FAILED tests/playwright_test.py::TestPlaywrightShowcase::test_Trigger_Prompt_OK[chromium]
================== 11 failed, 19 passed in 740.02s (0:12:20) ==================
